13:58:23 **** Auto Build of configuration Debug for project led1 ****
make pre-build main-build 
a9-linaro-pre-build-step
' '
'Building file: ../src/helloworld.c'
'Invoking: ARM v7 gcc compiler'
arm-none-eabi-gcc -Wall -O0 -g3 -c -fmessage-length=0 -MT"src/helloworld.o" -mcpu=cortex-a9 -mfpu=vfpv3 -mfloat-abi=hard -I../../led1_bsp/ps7_cortexa9_0/include -MMD -MP -MF"src/helloworld.d" -MT"src/helloworld.o" -o "src/helloworld.o" "../src/helloworld.c"
'Finished building: ../src/helloworld.c'
' '
'Building target: led1.elf'
'Invoking: ARM v7 gcc linker'
arm-none-eabi-gcc -mcpu=cortex-a9 -mfpu=vfpv3 -mfloat-abi=hard -Wl,-build-id=none -specs=Xilinx.spec -Wl,-T -Wl,../src/lscript.ld -L../../led1_bsp/ps7_cortexa9_0/lib -o "led1.elf"  ./src/helloworld.o ./src/platform.o   -Wl,--start-group,-lxil,-lgcc,-lc,--end-group
'Finished building target: led1.elf'
' '
'Invoking: ARM v7 Print Size'
arm-none-eabi-size led1.elf  |tee "led1.elf.size"
   text	   data	    bss	    dec	    hex	filename
  20616	   1176	  22584	  44376	   ad58	led1.elf
'Finished building: led1.elf.size'
' '

13:58:26 Build Finished (took 3s.500ms)

