#-----------------------------------------------------------
# Vivado v2018.2 (64-bit)
# SW Build 2258646 on Thu Jun 14 20:03:12 MDT 2018
# IP Build 2256618 on Thu Jun 14 22:10:49 MDT 2018
# Start of session at: Tue Jun 18 09:55:29 2019
# Process ID: 15944
# Current directory: D:/HDA/2_sem/DesignAndTestOfMicroelectronics/Lab/Lab3/Streaming_2_D_FIR_Filter_fil/fpgaproj/Streaming_2_D_FIR_Filter_fil.runs/impl_1
# Command line: vivado.exe -log Streaming_2_D_FIR_Filter_fil.vdi -applog -product Vivado -messageDb vivado.pb -mode batch -source Streaming_2_D_FIR_Filter_fil.tcl -notrace
# Log file: D:/HDA/2_sem/DesignAndTestOfMicroelectronics/Lab/Lab3/Streaming_2_D_FIR_Filter_fil/fpgaproj/Streaming_2_D_FIR_Filter_fil.runs/impl_1/Streaming_2_D_FIR_Filter_fil.vdi
# Journal file: D:/HDA/2_sem/DesignAndTestOfMicroelectronics/Lab/Lab3/Streaming_2_D_FIR_Filter_fil/fpgaproj/Streaming_2_D_FIR_Filter_fil.runs/impl_1\vivado.jou
#-----------------------------------------------------------
source Streaming_2_D_FIR_Filter_fil.tcl -notrace
